[backblue.gif]
[fade.gif]
[index.html]
[localhost/b2w/en/home/feed/index.html]
[localhost/b2w/wp-includes/js/jquery/jqueryb8ff.js]
[localhost/b2w/wp-includes/js/jquery/jquery-migrate.min330a.js]
[localhost/b2w/wp-content/themes/bootstrap2wordpress/assets/img/logo-mini.png]
[localhost/b2w/wp-content/uploads/2016/06/icon-boost-1.png]
[localhost/b2w/wp-content/uploads/2016/06/icon-rocket-1.png]
[localhost/b2w/wp-content/plugins/contact-form-7/includes/js/scripts33a6.js]
[localhost/b2w/wp-content/themes/bootstrap2wordpress/js/navigation4a7d.js]
[localhost/b2w/wp-content/themes/bootstrap2wordpress/js/skip-link-focus-fix4a7d.js]
[localhost/b2w/wp-content/themes/bootstrap2wordpress/js/register-sw68b3.js]
[localhost/b2w/wp-includes/js/comment-reply.min1f93.js]
[localhost/b2w/wp-includes/js/wp-embed.min1f93.js]
[localhost/b2w/wp-content/themes/bootstrap2wordpress/assets/img/m.n-logo.png]
[localhost/b2w/wp-content/themes/bootstrap2wordpress/assets/js/main.js]
[localhost/b2w/wp-content/themes/bootstrap2wordpress/assets/js/bootstrap.min.js]
[localhost/b2w/wp-content/themes/bootstrap2wordpress/assets/js/jquery.magnific-popup.min.js]
[localhost/b2w/en/home/index.html]
[localhost/b2w/wp-content/themes/bootstrap2wordpress/assets/css/bootstrap.min.css]
[localhost/b2w/wp-content/themes/bootstrap2wordpress/assets/css/font-awesome/css/font-awesome.min.css]
[localhost/b2w/wp-content/themes/bootstrap2wordpress/assets/css/magnific-popup.min.css]
[localhost/b2w/wp-content/plugins/contact-form-7/images/ajax-loader.gif]
[localhost/b2w/wp-content/plugins/contact-form-7/includes/css/styles33a6.css]
[localhost/b2w/wp-content/themes/bootstrap2wordpress/assets/img/tile.jpg]
[localhost/b2w/wp-content/themes/bootstrap2wordpress/assets/img/icon-sprite.png]
[localhost/b2w/wp-content/themes/bootstrap2wordpress/assets/img/bg-top.webp]
[localhost/b2w/wp-content/themes/bootstrap2wordpress/assets/img/stuff-feature.jpg]
[localhost/b2w/wp-content/themes/bootstrap2wordpress/assets/img/bg-top-blog.jpg]
[localhost/b2w/wp-content/themes/bootstrap2wordpress/assets/img/stuff-bg.webp]
[localhost/b2w/wp-content/themes/bootstrap2wordpress/assets/img/Mohcine NAZRHAN Face.webp]
[localhost/b2w/wp-content/themes/bootstrap2wordpress/assets/img/bg-bottom.webp]
[localhost/b2w/wp-content/themes/bootstrap2wordpress/style1f93.css]
[localhost/b2w/wp-content/themes/bootstrap2wordpress/polina.html]
